SKIP overrestriction_train_v2_pooled_off
SKIP overrestriction_train_v2_pooled_b114
SKIP overrestriction_train_v2_pooled_b171
SKIP overrestriction_train_v2_pooled_b229
=== START overrestriction_train_v2_pooled_b286 2026-09-02T10:46:58+02:00 ===
=== END   overrestriction_train_v2_pooled_b286 rc=0 190s 2026-09-02T10:50:08+02:00 ===
=== START overrestriction_train_v2_pooled_b343 2026-09-02T10:50:08+02:00 ===
=== END   overrestriction_train_v2_pooled_b343 rc=0 169s 2026-09-02T10:52:57+02:00 ===
=== START preflight_full_off 2026-09-02T10:52:57+02:00 ===
=== END   preflight_full_off rc=0 1054s 2026-09-02T11:10:31+02:00 ===
=== START preflight_full_b114 2026-09-02T11:10:31+02:00 ===
=== END   preflight_full_b114 rc=0 795s 2026-09-02T11:23:46+02:00 ===
=== START preflight_full_b171 2026-09-02T11:23:46+02:00 ===
=== END   preflight_full_b171 rc=0 786s 2026-09-02T11:36:52+02:00 ===
=== START preflight_full_b229 2026-09-02T11:36:52+02:00 ===
=== END   preflight_full_b229 rc=0 789s 2026-09-02T11:50:01+02:00 ===
=== START preflight_full_b286 2026-09-02T11:50:01+02:00 ===
=== END   preflight_full_b286 rc=0 917s 2026-09-02T12:05:18+02:00 ===
=== START preflight_full_b343 2026-09-02T12:05:18+02:00 ===
=== END   preflight_full_b343 rc=0 861s 2026-09-02T12:19:39+02:00 ===
ALL DONE 2026-09-02T12:19:39+02:00
SKIP station_cover_gate_main_dev_b115
SKIP station_cover_gate_main_dev_b172
SKIP overrestriction_gate_main_dev_b115
SKIP overrestriction_gate_main_dev_b172
SKIP axis_sweep_gate_main_dev_b115
SKIP axis_sweep_gate_main_dev_b172
SKIP overrestriction_train_v2_pooled_b115
SKIP overrestriction_train_v2_pooled_b172
ALL DONE 2026-09-02T12:19:39+02:00
  axis_sweep_gate_main_dev_b115 rc=0 321s 2026-09-02T11:58:07+02:00 ===
=== START axis_sweep_gate_main_dev_b172 2026-09-02T11:58:07+02:00 ===
=== END   axis_sweep_gate_main_dev_b172 rc=0 326s 2026-09-02T12:03:33+02:00 ===
=== START overrestriction_train_v2_pooled_b115 2026-09-02T12:03:33+02:00 ===
=== END   overrestriction_train_v2_pooled_b115 rc=0 217s 2026-09-02T12:07:10+02:00 ===
=== START overrestriction_train_v2_pooled_b172 2026-09-02T12:07:10+02:00 ===
=== END   overrestriction_train_v2_pooled_b172 rc=0 264s 2026-09-02T12:11:34+02:00 ===
ALL DONE 2026-09-02T12:11:34+02:00
