pygame 2.6.1 (SDL 2.28.4, Python 3.12.11)
Hello from the pygame community. https://www.pygame.org/contribute.html
tile_size=0.571429 agent=7x11 gate=True semantics=v2 standoff_band_enforced=False yaw_tol=0.2619 standoff=[3.5, 7.0] max_offset_m=0.0 on_line_clause=False
lane model: on-axis (offset 0)

1. membership bitmask at the shared junction cell
  [PASS] shared cell owned by BOTH sections (bitmask 0b11) bitmask=0b011

2. the shared cell is diggable from a pose valid for EITHER section
  [PASS] a cabin heading reaches the shared cell from the A (row=24) lane cabin=0
  [PASS] gate admits the DO from the A (row=24) lane 
  [PASS] shared cell dug from the A (row=24) lane action_map(24, 40)=-1
  [PASS] a cabin heading reaches the shared cell from the B (col=40) lane cabin=0
  [PASS] gate admits the DO from the B (col=40) lane 
  [PASS] shared cell dug from the B (col=40) lane action_map(24, 40)=-1

3. an exclusive perpendicular cell in the same cone still vetoes
  [PASS] a cone from the A lane holds both the shared and the exclusive-B cell cabin=0
  [PASS] the exclusive cell is owned by B only bitmask=0b010
  [PASS] gate rejects the mixed cone (contract item 4, sentence 3) 
  [PASS] no cell mutated by the rejected DO 

4. membership slack and the bounded nearest-section fallback
  [PASS] 1.0 tiles off  -> owned (generated half width + 0.5) 
  [PASS] 2.0 tiles off  -> owned (bounded nearest-section fallback, +1.5) 
  [PASS] 4.0 tiles off  -> NOT owned (fallback is bounded) 

5. an empty owner bitmask makes the gate neutral (non-trench excavation)
  [PASS] unowned target cell reports valid (gate not applicable) 

6. the v2 'on the line' clause: the sideways lane is refused
  [PASS] a cabin heading reaches the shared cell from the v1 lateral lane cabin=2
  [PASS] gate admits the lateral lane at 4.57 m (on-line clause inactive) 
  [PASS] shared cell dug from the lateral lane 

all multi-owner contract checks passed under gate semantics v2 (on-line clause inactive, max_offset=0.0 m)
