pygame 2.6.1 (SDL 2.28.4, Python 3.12.11)
Hello from the pygame community. https://www.pygame.org/contribute.html
gate semantics v2 (standoff band enforced=False, forced=False; on-line clause: perpendicular offset <= 3.43 m)
geometry {"tile_size_m": 0.5714285969734192, "agent_width_tiles": 7, "agent_height_tiles": 11, "forward_deltas": [[0, 5], [-2, 4], [-4, 2], [-5, 0], [-4, -2], [-2, -4], [0, -5], [2, -4], [4, -2], [5, 0], [4, 2], [2, 4]], "backward_deltas": [[0, -5], [2, -4], [4, -2], [5, 0], [4, 2], [2, 4], [0, 5], [-2, 4], [-4, 2], [-5, 0], [-4, -2], [-2, -4]], "maps": 2400, "workers": 22}
[50/2400] 38s
[100/2400] 43s
[150/2400] 66s
[200/2400] 83s
[250/2400] 103s
[300/2400] 115s
[350/2400] 131s
[400/2400] 142s
[450/2400] 170s
[500/2400] 207s
[550/2400] 230s
[600/2400] 244s
[650/2400] 260s
[700/2400] 272s
[750/2400] 288s
[800/2400] 303s
[850/2400] 318s
[900/2400] 334s
[950/2400] 353s
[1000/2400] 365s
[1050/2400] 381s
[1100/2400] 392s
[1150/2400] 409s
[1200/2400] 421s
[1250/2400] 433s
[1300/2400] 444s
[1350/2400] 453s
[1400/2400] 462s
[1450/2400] 471s
[1500/2400] 488s
[1550/2400] 502s
[1600/2400] 512s
[1650/2400] 528s
[1700/2400] 539s
[1750/2400] 554s
[1800/2400] 569s
[1850/2400] 580s
[1900/2400] 592s
[1950/2400] 608s
[2000/2400] 619s
[2050/2400] 633s
[2100/2400] 646s
[2150/2400] 661s
[2200/2400] 673s
[2250/2400] 685s
[2300/2400] 698s
[2350/2400] 704s
[2400/2400] 712s
pygame 2.6.1 (SDL 2.28.4, Python 3.12.11)
Hello from the pygame community. https://www.pygame.org/contribute.html
pygame 2.6.1 (SDL 2.28.4, Python 3.12.11)
Hello from the pygame community. https://www.pygame.org/contribute.html
pygame 2.6.1 (SDL 2.28.4, Python 3.12.11)
Hello from the pygame community. https://www.pygame.org/contribute.html
pygame 2.6.1 (SDL 2.28.4, Python 3.12.11)
Hello from the pygame community. https://www.pygame.org/contribute.html
pygame 2.6.1 (SDL 2.28.4, Python 3.12.11)
Hello from the pygame community. https://www.pygame.org/contribute.html
pygame 2.6.1 (SDL 2.28.4, Python 3.12.11)
Hello from the pygame community. https://www.pygame.org/contribute.html
pygame 2.6.1 (SDL 2.28.4, Python 3.12.11)
Hello from the pygame community. https://www.pygame.org/contribute.html
pygame 2.6.1 (SDL 2.28.4, Python 3.12.11)
Hello from the pygame community. https://www.pygame.org/contribute.html
pygame 2.6.1 (SDL 2.28.4, Python 3.12.11)
Hello from the pygame community. https://www.pygame.org/contribute.html
pygame 2.6.1 (SDL 2.28.4, Python 3.12.11)
Hello from the pygame community. https://www.pygame.org/contribute.html
pygame 2.6.1 (SDL 2.28.4, Python 3.12.11)
Hello from the pygame community. https://www.pygame.org/contribute.html
pygame 2.6.1 (SDL 2.28.4, Python 3.12.11)
Hello from the pygame community. https://www.pygame.org/contribute.html
pygame 2.6.1 (SDL 2.28.4, Python 3.12.11)
Hello from the pygame community. https://www.pygame.org/contribute.html
pygame 2.6.1 (SDL 2.28.4, Python 3.12.11)
Hello from the pygame community. https://www.pygame.org/contribute.html
pygame 2.6.1 (SDL 2.28.4, Python 3.12.11)
Hello from the pygame community. https://www.pygame.org/contribute.html
pygame 2.6.1 (SDL 2.28.4, Python 3.12.11)
Hello from the pygame community. https://www.pygame.org/contribute.html
pygame 2.6.1 (SDL 2.28.4, Python 3.12.11)
Hello from the pygame community. https://www.pygame.org/contribute.html
pygame 2.6.1 (SDL 2.28.4, Python 3.12.11)
Hello from the pygame community. https://www.pygame.org/contribute.html
pygame 2.6.1 (SDL 2.28.4, Python 3.12.11)
Hello from the pygame community. https://www.pygame.org/contribute.html
pygame 2.6.1 (SDL 2.28.4, Python 3.12.11)
Hello from the pygame community. https://www.pygame.org/contribute.html
pygame 2.6.1 (SDL 2.28.4, Python 3.12.11)
Hello from the pygame community. https://www.pygame.org/contribute.html
pygame 2.6.1 (SDL 2.28.4, Python 3.12.11)
Hello from the pygame community. https://www.pygame.org/contribute.html
