pygame 2.6.1 (SDL 2.28.4, Python 3.12.11)
Hello from the pygame community. https://www.pygame.org/contribute.html
gate semantics v2 (standoff band enforced=False, forced=False; on-line clause: perpendicular offset <= 2.86 m)
geometry {"tile_size_m": 0.5714285969734192, "agent_width_tiles": 7, "agent_height_tiles": 11, "forward_deltas": [[0, 5], [-2, 4], [-4, 2], [-5, 0], [-4, -2], [-2, -4], [0, -5], [2, -4], [4, -2], [5, 0], [4, 2], [2, 4]], "backward_deltas": [[0, -5], [2, -4], [4, -2], [5, 0], [4, 2], [2, 4], [0, 5], [-2, 4], [-4, 2], [-5, 0], [-4, -2], [-2, -4]], "maps": 2400, "workers": 22}
[50/2400] 32s
[100/2400] 40s
[150/2400] 65s
[200/2400] 79s
[250/2400] 97s
[300/2400] 108s
[350/2400] 121s
[400/2400] 134s
[450/2400] 143s
[500/2400] 160s
[550/2400] 177s
[600/2400] 186s
[650/2400] 203s
[700/2400] 214s
[750/2400] 234s
[800/2400] 248s
[850/2400] 272s
[900/2400] 304s
[950/2400] 333s
[1000/2400] 365s
[1050/2400] 388s
[1100/2400] 401s
[1150/2400] 412s
[1200/2400] 422s
[1250/2400] 439s
[1300/2400] 452s
[1350/2400] 458s
[1400/2400] 465s
[1450/2400] 480s
[1500/2400] 497s
[1550/2400] 508s
[1600/2400] 522s
[1650/2400] 539s
[1700/2400] 545s
[1750/2400] 569s
[1800/2400] 585s
[1850/2400] 619s
[1900/2400] 630s
[1950/2400] 672s
[2000/2400] 704s
[2050/2400] 715s
[2100/2400] 730s
[2150/2400] 750s
[2200/2400] 757s
[2250/2400] 779s
[2300/2400] 789s
[2350/2400] 799s
[2400/2400] 813s
pygame 2.6.1 (SDL 2.28.4, Python 3.12.11)
Hello from the pygame community. https://www.pygame.org/contribute.html
pygame 2.6.1 (SDL 2.28.4, Python 3.12.11)
Hello from the pygame community. https://www.pygame.org/contribute.html
pygame 2.6.1 (SDL 2.28.4, Python 3.12.11)
Hello from the pygame community. https://www.pygame.org/contribute.html
pygame 2.6.1 (SDL 2.28.4, Python 3.12.11)
Hello from the pygame community. https://www.pygame.org/contribute.html
pygame 2.6.1 (SDL 2.28.4, Python 3.12.11)
Hello from the pygame community. https://www.pygame.org/contribute.html
pygame 2.6.1 (SDL 2.28.4, Python 3.12.11)
Hello from the pygame community. https://www.pygame.org/contribute.html
pygame 2.6.1 (SDL 2.28.4, Python 3.12.11)
Hello from the pygame community. https://www.pygame.org/contribute.html
pygame 2.6.1 (SDL 2.28.4, Python 3.12.11)
Hello from the pygame community. https://www.pygame.org/contribute.html
pygame 2.6.1 (SDL 2.28.4, Python 3.12.11)
Hello from the pygame community. https://www.pygame.org/contribute.html
pygame 2.6.1 (SDL 2.28.4, Python 3.12.11)
Hello from the pygame community. https://www.pygame.org/contribute.html
pygame 2.6.1 (SDL 2.28.4, Python 3.12.11)
Hello from the pygame community. https://www.pygame.org/contribute.html
pygame 2.6.1 (SDL 2.28.4, Python 3.12.11)
Hello from the pygame community. https://www.pygame.org/contribute.html
pygame 2.6.1 (SDL 2.28.4, Python 3.12.11)
Hello from the pygame community. https://www.pygame.org/contribute.html
pygame 2.6.1 (SDL 2.28.4, Python 3.12.11)
Hello from the pygame community. https://www.pygame.org/contribute.html
pygame 2.6.1 (SDL 2.28.4, Python 3.12.11)
Hello from the pygame community. https://www.pygame.org/contribute.html
pygame 2.6.1 (SDL 2.28.4, Python 3.12.11)
Hello from the pygame community. https://www.pygame.org/contribute.html
pygame 2.6.1 (SDL 2.28.4, Python 3.12.11)
Hello from the pygame community. https://www.pygame.org/contribute.html
pygame 2.6.1 (SDL 2.28.4, Python 3.12.11)
Hello from the pygame community. https://www.pygame.org/contribute.html
pygame 2.6.1 (SDL 2.28.4, Python 3.12.11)
Hello from the pygame community. https://www.pygame.org/contribute.html
pygame 2.6.1 (SDL 2.28.4, Python 3.12.11)
Hello from the pygame community. https://www.pygame.org/contribute.html
pygame 2.6.1 (SDL 2.28.4, Python 3.12.11)
Hello from the pygame community. https://www.pygame.org/contribute.html
pygame 2.6.1 (SDL 2.28.4, Python 3.12.11)
Hello from the pygame community. https://www.pygame.org/contribute.html
