pygame 2.6.1 (SDL 2.28.4, Python 3.12.11)
Hello from the pygame community. https://www.pygame.org/contribute.html
gate semantics v2 (standoff band enforced=False, forced=False; on-line clause: perpendicular offset <= 1.71 m)
geometry {"tile_size_m": 0.5714285969734192, "agent_width_tiles": 7, "agent_height_tiles": 11, "forward_deltas": [[0, 5], [-2, 4], [-4, 2], [-5, 0], [-4, -2], [-2, -4], [0, -5], [2, -4], [4, -2], [5, 0], [4, 2], [2, 4]], "backward_deltas": [[0, -5], [2, -4], [4, -2], [5, 0], [4, 2], [2, 4], [0, 5], [-2, 4], [-4, 2], [-5, 0], [-4, -2], [-2, -4]], "maps": 2400, "workers": 22}
[50/2400] 37s
[100/2400] 43s
[150/2400] 62s
[200/2400] 75s
[250/2400] 94s
[300/2400] 105s
[350/2400] 118s
[400/2400] 130s
[450/2400] 141s
[500/2400] 156s
[550/2400] 175s
[600/2400] 186s
[650/2400] 201s
[700/2400] 212s
[750/2400] 226s
[800/2400] 247s
[850/2400] 262s
[900/2400] 287s
[950/2400] 298s
[1000/2400] 315s
[1050/2400] 333s
[1100/2400] 349s
[1150/2400] 363s
[1200/2400] 377s
[1250/2400] 397s
[1300/2400] 408s
[1350/2400] 415s
[1400/2400] 420s
[1450/2400] 432s
[1500/2400] 450s
[1550/2400] 462s
[1600/2400] 473s
[1650/2400] 489s
[1700/2400] 499s
[1750/2400] 516s
[1800/2400] 531s
[1850/2400] 543s
[1900/2400] 554s
[1950/2400] 573s
[2000/2400] 583s
[2050/2400] 601s
[2100/2400] 616s
[2150/2400] 629s
[2200/2400] 638s
[2250/2400] 656s
[2300/2400] 671s
[2350/2400] 680s
[2400/2400] 688s
pygame 2.6.1 (SDL 2.28.4, Python 3.12.11)
Hello from the pygame community. https://www.pygame.org/contribute.html
pygame 2.6.1 (SDL 2.28.4, Python 3.12.11)
Hello from the pygame community. https://www.pygame.org/contribute.html
pygame 2.6.1 (SDL 2.28.4, Python 3.12.11)
Hello from the pygame community. https://www.pygame.org/contribute.html
pygame 2.6.1 (SDL 2.28.4, Python 3.12.11)
Hello from the pygame community. https://www.pygame.org/contribute.html
pygame 2.6.1 (SDL 2.28.4, Python 3.12.11)
Hello from the pygame community. https://www.pygame.org/contribute.html
pygame 2.6.1 (SDL 2.28.4, Python 3.12.11)
Hello from the pygame community. https://www.pygame.org/contribute.html
pygame 2.6.1 (SDL 2.28.4, Python 3.12.11)
Hello from the pygame community. https://www.pygame.org/contribute.html
pygame 2.6.1 (SDL 2.28.4, Python 3.12.11)
Hello from the pygame community. https://www.pygame.org/contribute.html
pygame 2.6.1 (SDL 2.28.4, Python 3.12.11)
Hello from the pygame community. https://www.pygame.org/contribute.html
pygame 2.6.1 (SDL 2.28.4, Python 3.12.11)
Hello from the pygame community. https://www.pygame.org/contribute.html
pygame 2.6.1 (SDL 2.28.4, Python 3.12.11)
Hello from the pygame community. https://www.pygame.org/contribute.html
pygame 2.6.1 (SDL 2.28.4, Python 3.12.11)
Hello from the pygame community. https://www.pygame.org/contribute.html
pygame 2.6.1 (SDL 2.28.4, Python 3.12.11)
Hello from the pygame community. https://www.pygame.org/contribute.html
pygame 2.6.1 (SDL 2.28.4, Python 3.12.11)
Hello from the pygame community. https://www.pygame.org/contribute.html
pygame 2.6.1 (SDL 2.28.4, Python 3.12.11)
Hello from the pygame community. https://www.pygame.org/contribute.html
pygame 2.6.1 (SDL 2.28.4, Python 3.12.11)
Hello from the pygame community. https://www.pygame.org/contribute.html
pygame 2.6.1 (SDL 2.28.4, Python 3.12.11)
Hello from the pygame community. https://www.pygame.org/contribute.html
pygame 2.6.1 (SDL 2.28.4, Python 3.12.11)
Hello from the pygame community. https://www.pygame.org/contribute.html
pygame 2.6.1 (SDL 2.28.4, Python 3.12.11)
Hello from the pygame community. https://www.pygame.org/contribute.html
pygame 2.6.1 (SDL 2.28.4, Python 3.12.11)
Hello from the pygame community. https://www.pygame.org/contribute.html
pygame 2.6.1 (SDL 2.28.4, Python 3.12.11)
Hello from the pygame community. https://www.pygame.org/contribute.html
pygame 2.6.1 (SDL 2.28.4, Python 3.12.11)
Hello from the pygame community. https://www.pygame.org/contribute.html
