pygame 2.6.1 (SDL 2.28.4, Python 3.12.11)
Hello from the pygame community. https://www.pygame.org/contribute.html
gate semantics v2 (standoff band enforced=False, forced=False; on-line clause: disabled (yaw-parallel only))
geometry {"tile_size_m": 0.5714285969734192, "agent_width_tiles": 7, "agent_height_tiles": 11, "forward_deltas": [[0, 5], [-2, 4], [-4, 2], [-5, 0], [-4, -2], [-2, -4], [0, -5], [2, -4], [4, -2], [5, 0], [4, 2], [2, 4]], "backward_deltas": [[0, -5], [2, -4], [4, -2], [5, 0], [4, 2], [2, 4], [0, 5], [-2, 4], [-4, 2], [-5, 0], [-4, -2], [-2, -4]], "maps": 2400, "workers": 22}
[50/2400] 45s
[100/2400] 63s
[150/2400] 87s
[200/2400] 109s
[250/2400] 137s
[300/2400] 153s
[350/2400] 176s
[400/2400] 195s
[450/2400] 213s
[500/2400] 234s
[550/2400] 262s
[600/2400] 280s
[650/2400] 297s
[700/2400] 318s
[750/2400] 330s
[800/2400] 353s
[850/2400] 368s
[900/2400] 388s
[950/2400] 406s
[1000/2400] 425s
[1050/2400] 444s
[1100/2400] 458s
[1150/2400] 479s
[1200/2400] 492s
[1250/2400] 514s
[1300/2400] 534s
[1350/2400] 547s
[1400/2400] 556s
[1450/2400] 583s
[1500/2400] 608s
[1550/2400] 625s
[1600/2400] 644s
[1650/2400] 658s
[1700/2400] 687s
[1750/2400] 710s
[1800/2400] 728s
[1850/2400] 747s
[1900/2400] 761s
[1950/2400] 787s
[2000/2400] 806s
[2050/2400] 837s
[2100/2400] 857s
[2150/2400] 876s
[2200/2400] 890s
[2250/2400] 912s
[2300/2400] 927s
[2350/2400] 943s
[2400/2400] 959s
pygame 2.6.1 (SDL 2.28.4, Python 3.12.11)
Hello from the pygame community. https://www.pygame.org/contribute.html
pygame 2.6.1 (SDL 2.28.4, Python 3.12.11)
Hello from the pygame community. https://www.pygame.org/contribute.html
pygame 2.6.1 (SDL 2.28.4, Python 3.12.11)
Hello from the pygame community. https://www.pygame.org/contribute.html
pygame 2.6.1 (SDL 2.28.4, Python 3.12.11)
Hello from the pygame community. https://www.pygame.org/contribute.html
pygame 2.6.1 (SDL 2.28.4, Python 3.12.11)
Hello from the pygame community. https://www.pygame.org/contribute.html
pygame 2.6.1 (SDL 2.28.4, Python 3.12.11)
Hello from the pygame community. https://www.pygame.org/contribute.html
pygame 2.6.1 (SDL 2.28.4, Python 3.12.11)
Hello from the pygame community. https://www.pygame.org/contribute.html
pygame 2.6.1 (SDL 2.28.4, Python 3.12.11)
Hello from the pygame community. https://www.pygame.org/contribute.html
pygame 2.6.1 (SDL 2.28.4, Python 3.12.11)
Hello from the pygame community. https://www.pygame.org/contribute.html
pygame 2.6.1 (SDL 2.28.4, Python 3.12.11)
Hello from the pygame community. https://www.pygame.org/contribute.html
pygame 2.6.1 (SDL 2.28.4, Python 3.12.11)
Hello from the pygame community. https://www.pygame.org/contribute.html
pygame 2.6.1 (SDL 2.28.4, Python 3.12.11)
Hello from the pygame community. https://www.pygame.org/contribute.html
pygame 2.6.1 (SDL 2.28.4, Python 3.12.11)
Hello from the pygame community. https://www.pygame.org/contribute.html
pygame 2.6.1 (SDL 2.28.4, Python 3.12.11)
Hello from the pygame community. https://www.pygame.org/contribute.html
pygame 2.6.1 (SDL 2.28.4, Python 3.12.11)
Hello from the pygame community. https://www.pygame.org/contribute.html
pygame 2.6.1 (SDL 2.28.4, Python 3.12.11)
Hello from the pygame community. https://www.pygame.org/contribute.html
pygame 2.6.1 (SDL 2.28.4, Python 3.12.11)
Hello from the pygame community. https://www.pygame.org/contribute.html
pygame 2.6.1 (SDL 2.28.4, Python 3.12.11)
Hello from the pygame community. https://www.pygame.org/contribute.html
pygame 2.6.1 (SDL 2.28.4, Python 3.12.11)
Hello from the pygame community. https://www.pygame.org/contribute.html
pygame 2.6.1 (SDL 2.28.4, Python 3.12.11)
Hello from the pygame community. https://www.pygame.org/contribute.html
pygame 2.6.1 (SDL 2.28.4, Python 3.12.11)
Hello from the pygame community. https://www.pygame.org/contribute.html
pygame 2.6.1 (SDL 2.28.4, Python 3.12.11)
Hello from the pygame community. https://www.pygame.org/contribute.html
