pygame 2.6.1 (SDL 2.28.4, Python 3.12.11)
Hello from the pygame community. https://www.pygame.org/contribute.html
gate semantics v2 (standoff band enforced=False, forced=False; on-line clause: perpendicular offset <= 1.14 m)
geometry {"tile_size_m": 0.5714285969734192, "agent_width_tiles": 7, "agent_height_tiles": 11, "forward_deltas": [[0, 5], [-2, 4], [-4, 2], [-5, 0], [-4, -2], [-2, -4], [0, -5], [2, -4], [4, -2], [5, 0], [4, 2], [2, 4]], "backward_deltas": [[0, -5], [2, -4], [4, -2], [5, 0], [4, 2], [2, 4], [0, 5], [-2, 4], [-4, 2], [-5, 0], [-4, -2], [-2, -4]], "maps": 2400, "workers": 22}
[50/2400] 31s
[100/2400] 42s
[150/2400] 57s
[200/2400] 71s
[250/2400] 83s
[300/2400] 101s
[350/2400] 108s
[400/2400] 120s
[450/2400] 135s
[500/2400] 142s
[550/2400] 163s
[600/2400] 174s
[650/2400] 185s
[700/2400] 200s
[750/2400] 213s
[800/2400] 226s
[850/2400] 243s
[900/2400] 257s
[950/2400] 273s
[1000/2400] 286s
[1050/2400] 299s
[1100/2400] 314s
[1150/2400] 327s
[1200/2400] 336s
[1250/2400] 351s
[1300/2400] 365s
[1350/2400] 373s
[1400/2400] 379s
[1450/2400] 390s
[1500/2400] 405s
[1550/2400] 417s
[1600/2400] 428s
[1650/2400] 442s
[1700/2400] 455s
[1750/2400] 470s
[1800/2400] 483s
[1850/2400] 492s
[1900/2400] 504s
[1950/2400] 521s
[2000/2400] 546s
[2050/2400] 555s
[2100/2400] 583s
[2150/2400] 591s
[2200/2400] 619s
[2250/2400] 634s
[2300/2400] 654s
[2350/2400] 667s
[2400/2400] 682s
pygame 2.6.1 (SDL 2.28.4, Python 3.12.11)
Hello from the pygame community. https://www.pygame.org/contribute.html
pygame 2.6.1 (SDL 2.28.4, Python 3.12.11)
Hello from the pygame community. https://www.pygame.org/contribute.html
pygame 2.6.1 (SDL 2.28.4, Python 3.12.11)
Hello from the pygame community. https://www.pygame.org/contribute.html
pygame 2.6.1 (SDL 2.28.4, Python 3.12.11)
Hello from the pygame community. https://www.pygame.org/contribute.html
pygame 2.6.1 (SDL 2.28.4, Python 3.12.11)
Hello from the pygame community. https://www.pygame.org/contribute.html
pygame 2.6.1 (SDL 2.28.4, Python 3.12.11)
Hello from the pygame community. https://www.pygame.org/contribute.html
pygame 2.6.1 (SDL 2.28.4, Python 3.12.11)
Hello from the pygame community. https://www.pygame.org/contribute.html
pygame 2.6.1 (SDL 2.28.4, Python 3.12.11)
Hello from the pygame community. https://www.pygame.org/contribute.html
pygame 2.6.1 (SDL 2.28.4, Python 3.12.11)
Hello from the pygame community. https://www.pygame.org/contribute.html
pygame 2.6.1 (SDL 2.28.4, Python 3.12.11)
Hello from the pygame community. https://www.pygame.org/contribute.html
pygame 2.6.1 (SDL 2.28.4, Python 3.12.11)
Hello from the pygame community. https://www.pygame.org/contribute.html
pygame 2.6.1 (SDL 2.28.4, Python 3.12.11)
Hello from the pygame community. https://www.pygame.org/contribute.html
pygame 2.6.1 (SDL 2.28.4, Python 3.12.11)
Hello from the pygame community. https://www.pygame.org/contribute.html
pygame 2.6.1 (SDL 2.28.4, Python 3.12.11)
Hello from the pygame community. https://www.pygame.org/contribute.html
pygame 2.6.1 (SDL 2.28.4, Python 3.12.11)
Hello from the pygame community. https://www.pygame.org/contribute.html
pygame 2.6.1 (SDL 2.28.4, Python 3.12.11)
Hello from the pygame community. https://www.pygame.org/contribute.html
pygame 2.6.1 (SDL 2.28.4, Python 3.12.11)
Hello from the pygame community. https://www.pygame.org/contribute.html
pygame 2.6.1 (SDL 2.28.4, Python 3.12.11)
Hello from the pygame community. https://www.pygame.org/contribute.html
pygame 2.6.1 (SDL 2.28.4, Python 3.12.11)
Hello from the pygame community. https://www.pygame.org/contribute.html
pygame 2.6.1 (SDL 2.28.4, Python 3.12.11)
Hello from the pygame community. https://www.pygame.org/contribute.html
pygame 2.6.1 (SDL 2.28.4, Python 3.12.11)
Hello from the pygame community. https://www.pygame.org/contribute.html
pygame 2.6.1 (SDL 2.28.4, Python 3.12.11)
Hello from the pygame community. https://www.pygame.org/contribute.html
